msbuild 踰꾩쟾 17.13.19+0d9f5a35a(.NET Framework??

  KFTCOneCAPDlg.cpp
  ReaderSetupDlg.cpp
  RegistryUtil.cpp
  ShopDownDlg.cpp
  ShopSetupDlg.cpp
  stdafx.cpp
  ModernUI.cpp
  肄붾뱶瑜??앹꽦?섍퀬 ?덉뒿?덈떎...
  MerchantSetup.vcxproj -> C:\Users\kftc\Downloads\MerchantSetup_OnPaintIcons_Clean_CP949\Release\MerchantSetup.exe
  'pwsh.exe'?(?? ?대? ?먮뒗 ?몃? 紐낅졊, ?ㅽ뻾?????덈뒗 ?꾨줈洹몃옩, ?먮뒗
  諛곗튂 ?뚯씪???꾨떃?덈떎.
